
/home/adeshpan/Desktop/core/adeshpan-prod/testWorkingDirectory/wheelnavcore-output/coreOutput_168/output_168.xls
/home/adeshpan/Desktop/core/adeshpan-prod/testWorkingDirectory/wheelnavcore-output/coreOutput_169/output_169.xls
/home/adeshpan/Desktop/core/adeshpan-prod/testWorkingDirectory/wheelnavcore-output/coreOutput_170/output_170.xls
/home/adeshpan/Desktop/core/adeshpan-prod/testWorkingDirectory/wheelnavcore-output/coreOutput_171/output_171.xls
/home/adeshpan/Desktop/core/adeshpan-prod/testWorkingDirectory/wheelnavcore-output/coreOutput_172/output_172.xls
/home/adeshpan/Desktop/core/adeshpan-prod/testWorkingDirectory/wheelnavcore-output/coreOutput_173/output_173.xls
/home/adeshpan/Desktop/core/adeshpan-prod/testWorkingDirectory/wheelnavcore-output/coreOutput_174/output_174.xls
/home/adeshpan/Desktop/core/adeshpan-prod/testWorkingDirectory/wheelnavcore-output/coreOutput_175/output_175.xls
/home/adeshpan/Desktop/core/adeshpan-prod/testWorkingDirectory/wheelnavcore-output/coreOutput_176/output_176.xls
/home/adeshpan/Desktop/core/adeshpan-prod/testWorkingDirectory/wheelnavcore-output/coreOutput_177/output_177.xls
/home/adeshpan/Desktop/core/adeshpan-prod/testWorkingDirectory/wheelnavcore-output/coreOutput_178/output_178.xls
/home/adeshpan/Desktop/core/adeshpan-prod/testWorkingDirectory/wheelnavcore-output/coreOutput_179/output_179.xls
/home/adeshpan/Desktop/core/adeshpan-prod/testWorkingDirectory/wheelnavcore-output/coreOutput_180/output_180.xls
/home/adeshpan/Desktop/core/adeshpan-prod/testWorkingDirectory/wheelnavcore-output/coreOutput_181/output_181.xls
/home/adeshpan/Desktop/core/adeshpan-prod/testWorkingDirectory/wheelnavcore-output/coreOutput_182/output_182.xls
/home/adeshpan/Desktop/core/adeshpan-prod/testWorkingDirectory/wheelnavcore-output/coreOutput_183/output_183.xls
/home/adeshpan/Desktop/core/adeshpan-prod/testWorkingDirectory/wheelnavcore-output/coreOutput_184/output_184.xls
/home/adeshpan/Desktop/core/adeshpan-prod/testWorkingDirectory/wheelnavcore-output/coreOutput_185/output_185.xls
/home/adeshpan/Desktop/core/adeshpan-prod/testWorkingDirectory/wheelnavcore-output/coreOutput_186/output_186.xls
/home/adeshpan/Desktop/core/adeshpan-prod/testWorkingDirectory/wheelnavcore-output/coreOutput_187/output_187.xls
/home/adeshpan/Desktop/core/adeshpan-prod/testWorkingDirectory/wheelnavcore-output/coreOutput_188/output_188.xls
/home/adeshpan/Desktop/core/adeshpan-prod/testWorkingDirectory/wheelnavcore-output/coreOutput_189/output_189.xls
/home/adeshpan/Desktop/core/adeshpan-prod/testWorkingDirectory/wheelnavcore-output/coreOutput_190/output_190.xls
/home/adeshpan/Desktop/core/adeshpan-prod/testWorkingDirectory/wheelnavcore-output/coreOutput_191/output_191.xls
/home/adeshpan/Desktop/core/adeshpan-prod/testWorkingDirectory/wheelnavcore-output/coreOutput_192/output_192.xls
/home/adeshpan/Desktop/core/adeshpan-prod/testWorkingDirectory/wheelnavcore-output/coreOutput_193/output_193.xls
/home/adeshpan/Desktop/core/adeshpan-prod/testWorkingDirectory/wheelnavcore-output/coreOutput_194/output_194.xls
/home/adeshpan/Desktop/core/adeshpan-prod/testWorkingDirectory/wheelnavcore-output/coreOutput_195/output_195.xls
/home/adeshpan/Desktop/core/adeshpan-prod/testWorkingDirectory/wheelnavcore-output/coreOutput_196/output_196.xls
/home/adeshpan/Desktop/core/adeshpan-prod/testWorkingDirectory/wheelnavcore-output/coreOutput_197/output_197.xls
/home/adeshpan/Desktop/core/adeshpan-prod/testWorkingDirectory/wheelnavcore-output/coreOutput_198/output_198.xls
/home/adeshpan/Desktop/core/adeshpan-prod/testWorkingDirectory/wheelnavcore-output/coreOutput_199/output_199.xls
/home/adeshpan/Desktop/core/adeshpan-prod/testWorkingDirectory/wheelnavcore-output/coreOutput_200/output_200.xls
/home/adeshpan/Desktop/core/adeshpan-prod/testWorkingDirectory/wheelnavcore-output/coreOutput_201/output_201.xls
/home/adeshpan/Desktop/core/adeshpan-prod/testWorkingDirectory/wheelnavcore-output/coreOutput_202/output_202.xls
/home/adeshpan/Desktop/core/adeshpan-prod/testWorkingDirectory/wheelnavcore-output/coreOutput_203/output_203.xls
/home/adeshpan/Desktop/core/adeshpan-prod/testWorkingDirectory/wheelnavcore-output/coreOutput_204/output_204.xls
/home/adeshpan/Desktop/core/adeshpan-prod/testWorkingDirectory/wheelnavcore-output/coreOutput_205/output_205.xls
/home/adeshpan/Desktop/core/adeshpan-prod/testWorkingDirectory/wheelnavcore-output/coreOutput_206/output_206.xls
/home/adeshpan/Desktop/core/adeshpan-prod/testWorkingDirectory/wheelnavcore-output/coreOutput_207/output_207.xls
/home/adeshpan/Desktop/core/adeshpan-prod/testWorkingDirectory/wheelnavcore-output/coreOutput_208/output_208.xls
/home/adeshpan/Desktop/core/adeshpan-prod/testWorkingDirectory/wheelnavcore-output/coreOutput_209/output_209.xls
/home/adeshpan/Desktop/core/adeshpan-prod/testWorkingDirectory/wheelnavcore-output/coreOutput_210/output_210.xls
/home/adeshpan/Desktop/core/adeshpan-prod/testWorkingDirectory/wheelnavcore-output/coreOutput_211/output_211.xls
/home/adeshpan/Desktop/core/adeshpan-prod/testWorkingDirectory/wheelnavcore-output/coreOutput_212/output_212.xls
/home/adeshpan/Desktop/core/adeshpan-prod/testWorkingDirectory/wheelnavcore-output/coreOutput_213/output_213.xls
/home/adeshpan/Desktop/core/adeshpan-prod/testWorkingDirectory/wheelnavcore-output/coreOutput_214/output_214.xls
/home/adeshpan/Desktop/core/adeshpan-prod/testWorkingDirectory/wheelnavcore-output/coreOutput_215/output_215.xls
/home/adeshpan/Desktop/core/adeshpan-prod/testWorkingDirectory/wheelnavcore-output/coreOutput_216/output_216.xls
/home/adeshpan/Desktop/core/adeshpan-prod/testWorkingDirectory/wheelnavcore-output/coreOutput_217/output_217.xls
/home/adeshpan/Desktop/core/adeshpan-prod/testWorkingDirectory/wheelnavcore-output/coreOutput_218/output_218.xls
/home/adeshpan/Desktop/core/adeshpan-prod/testWorkingDirectory/wheelnavcore-output/coreOutput_219/output_219.xls
/home/adeshpan/Desktop/core/adeshpan-prod/testWorkingDirectory/wheelnavcore-output/coreOutput_220/output_220.xls
/home/adeshpan/Desktop/core/adeshpan-prod/testWorkingDirectory/wheelnavcore-output/coreOutput_221/output_221.xls
/home/adeshpan/Desktop/core/adeshpan-prod/testWorkingDirectory/wheelnavcore-output/coreOutput_222/output_222.xls
/home/adeshpan/Desktop/core/adeshpan-prod/testWorkingDirectory/wheelnavcore-output/coreOutput_223/output_223.xls
/home/adeshpan/Desktop/core/adeshpan-prod/testWorkingDirectory/wheelnavcore-output/coreOutput_224/output_224.xls
/home/adeshpan/Desktop/core/adeshpan-prod/testWorkingDirectory/wheelnavcore-output/coreOutput_225/output_225.xls
/home/adeshpan/Desktop/core/adeshpan-prod/testWorkingDirectory/wheelnavcore-output/coreOutput_226/output_226.xls
/home/adeshpan/Desktop/core/adeshpan-prod/testWorkingDirectory/wheelnavcore-output/coreOutput_227/output_227.xls
/home/adeshpan/Desktop/core/adeshpan-prod/testWorkingDirectory/wheelnavcore-output/coreOutput_228/output_228.xls
/home/adeshpan/Desktop/core/adeshpan-prod/testWorkingDirectory/wheelnavcore-output/coreOutput_229/output_229.xls
/home/adeshpan/Desktop/core/adeshpan-prod/testWorkingDirectory/wheelnavcore-output/coreOutput_230/output_230.xls
/home/adeshpan/Desktop/core/adeshpan-prod/testWorkingDirectory/wheelnavcore-output/coreOutput_231/output_231.xls
/home/adeshpan/Desktop/core/adeshpan-prod/testWorkingDirectory/wheelnavcore-output/coreOutput_232/output_232.xls
/home/adeshpan/Desktop/core/adeshpan-prod/testWorkingDirectory/wheelnavcore-output/coreOutput_233/output_233.xls
/home/adeshpan/Desktop/core/adeshpan-prod/testWorkingDirectory/wheelnavcore-output/coreOutput_234/output_234.xls
/home/adeshpan/Desktop/core/adeshpan-prod/testWorkingDirectory/wheelnavcore-output/coreOutput_235/output_235.xls
/home/adeshpan/Desktop/core/adeshpan-prod/testWorkingDirectory/wheelnavcore-output/coreOutput_236/output_236.xls
/home/adeshpan/Desktop/core/adeshpan-prod/testWorkingDirectory/wheelnavcore-output/coreOutput_237/output_237.xls
/home/adeshpan/Desktop/core/adeshpan-prod/testWorkingDirectory/wheelnavcore-output/coreOutput_238/output_238.xls
/home/adeshpan/Desktop/core/adeshpan-prod/testWorkingDirectory/wheelnavcore-output/coreOutput_239/output_239.xls
/home/adeshpan/Desktop/core/adeshpan-prod/testWorkingDirectory/wheelnavcore-output/coreOutput_240/output_240.xls
/home/adeshpan/Desktop/core/adeshpan-prod/testWorkingDirectory/wheelnavcore-output/coreOutput_241/output_241.xls
/home/adeshpan/Desktop/core/adeshpan-prod/testWorkingDirectory/wheelnavcore-output/coreOutput_242/output_242.xls
/home/adeshpan/Desktop/core/adeshpan-prod/testWorkingDirectory/wheelnavcore-output/coreOutput_243/output_243.xls
/home/adeshpan/Desktop/core/adeshpan-prod/testWorkingDirectory/wheelnavcore-output/coreOutput_244/output_244.xls
/home/adeshpan/Desktop/core/adeshpan-prod/testWorkingDirectory/wheelnavcore-output/coreOutput_245/output_245.xls
/home/adeshpan/Desktop/core/adeshpan-prod/testWorkingDirectory/wheelnavcore-output/coreOutput_246/output_246.xls
/home/adeshpan/Desktop/core/adeshpan-prod/testWorkingDirectory/wheelnavcore-output/coreOutput_247/output_247.xls
/home/adeshpan/Desktop/core/adeshpan-prod/testWorkingDirectory/wheelnavcore-output/coreOutput_248/output_248.xls
/home/adeshpan/Desktop/core/adeshpan-prod/testWorkingDirectory/wheelnavcore-output/coreOutput_249/output_249.xls