
/home/mahbub/Documents/workspace/distancedetermination/test_coredir/working_dir/wheelnavcore-output/coreOutput_32RIADZISTCSZNZ3G45QSH3EGSA4SM/output_168.xls
/home/mahbub/Documents/workspace/distancedetermination/test_coredir/working_dir/wheelnavcore-output/coreOutput_39N5ACM9HFVWJ1PN5IXNEK9JF0H9P7/output_169.xls
/home/mahbub/Documents/workspace/distancedetermination/test_coredir/working_dir/wheelnavcore-output/coreOutput_3QILPRALQ63W2BU0KBEHAZ9DVFY8NL/output_174.xls
/home/mahbub/Documents/workspace/distancedetermination/test_coredir/working_dir/wheelnavcore-output/coreOutput_3TPZPLC3M1KA4Z07O9WDN76XF883PL/output_176.xls
/home/mahbub/Documents/workspace/distancedetermination/test_coredir/working_dir/wheelnavcore-output/coreOutput_3V0Z7YWSIZ8YO11K6LR7APQNVI82VT/output_177.xls
/home/mahbub/Documents/workspace/distancedetermination/test_coredir/working_dir/wheelnavcore-output/coreOutput_3HUTX6F6VVV3YHSN595TFXWFZPBO2D/output_173.xls
/home/mahbub/Documents/workspace/distancedetermination/test_coredir/working_dir/wheelnavcore-output/coreOutput_3WI0P0II620TY4IJUQ6E5BSO7CRRDN/output_179.xls
/home/mahbub/Documents/workspace/distancedetermination/test_coredir/working_dir/wheelnavcore-output/coreOutput_39RP059MEI19MR77BMJROMAEY4ZBMV/output_178.xls
/home/mahbub/Documents/workspace/distancedetermination/test_coredir/working_dir/wheelnavcore-output/coreOutput_36ZN444YTS67926PUCQL2D3WOUYOIW/output_179.xls
/home/mahbub/Documents/workspace/distancedetermination/test_coredir/working_dir/wheelnavcore-output/coreOutput_3ERMJ6L4DZ0MKF4HY57BJKOIFE7M7J/output_180.xls
/home/mahbub/Documents/workspace/distancedetermination/test_coredir/working_dir/wheelnavcore-output/coreOutput_3QEMNNSB2Y7JGLY4LC880U1O60F7DM/output_181.xls
/home/mahbub/Documents/workspace/distancedetermination/test_coredir/working_dir/wheelnavcore-output/coreOutput_3SITXWYCNWHKG36BPTL0Z3QC58IXB0/output_183.xls
/home/mahbub/Documents/workspace/distancedetermination/test_coredir/working_dir/wheelnavcore-output/coreOutput_33PPO7FECWNG55F043C5RJRXKGQIDS/output_184.xls
/home/mahbub/Documents/workspace/distancedetermination/test_coredir/working_dir/wheelnavcore-output/coreOutput_3I3WADAZ9RCVXEBANS7RD4ZRJ8R5O2/output_185.xls
/home/mahbub/Documents/workspace/distancedetermination/test_coredir/working_dir/wheelnavcore-output/coreOutput_3JZQSN0I3RIZ7YN15L7SU7H2HGEFG8/output_186.xls
/home/mahbub/Documents/workspace/distancedetermination/test_coredir/working_dir/wheelnavcore-output/coreOutput_33M4IA01QH97WAN0LQ7QZIVGNU5XRX/output_187.xls
/home/mahbub/Documents/workspace/distancedetermination/test_coredir/working_dir/wheelnavcore-output/coreOutput_33PPO7FECWNG55F043C5RJRXKGRDIO/output_187.xls
/home/mahbub/Documents/workspace/distancedetermination/test_coredir/working_dir/wheelnavcore-output/coreOutput_3EJPLAJKENO3FMPVUKSDL8KVZ79Z6I/output_204.xls
/home/mahbub/Documents/workspace/distancedetermination/test_coredir/working_dir/wheelnavcore-output/coreOutput_3X4JMASXCNHCJD00MHWTQP31V2BB0Z/output_197.xls
/home/mahbub/Documents/workspace/distancedetermination/test_coredir/working_dir/wheelnavcore-output/coreOutput_37ZHEEHM6XULYTW7SN2WNLFCFOB73B/output_204.xls
/home/mahbub/Documents/workspace/distancedetermination/test_coredir/working_dir/wheelnavcore-output/coreOutput_3D3VGR7TA1NVGCGM1102S26CG05R3U/output_206.xls
/home/mahbub/Documents/workspace/distancedetermination/test_coredir/working_dir/wheelnavcore-output/coreOutput_3TPZPLC3M1KA4Z07O9WDN76XFK63P7/output_210.xls
/home/mahbub/Documents/workspace/distancedetermination/test_coredir/working_dir/wheelnavcore-output/coreOutput_35USIKEBNSO9YXBCRWHJQLDMPW76NK/output_211.xls
/home/mahbub/Documents/workspace/distancedetermination/test_coredir/working_dir/wheelnavcore-output/coreOutput_3ON104KXQL4L64GC09FRP66ZMH4W4F/output_216.xls
/home/mahbub/Documents/workspace/distancedetermination/test_coredir/working_dir/wheelnavcore-output/coreOutput_34Z02EIMITLCFZUHM3NEQJ9N1B6T06/output_217.xls
/home/mahbub/Documents/workspace/distancedetermination/test_coredir/working_dir/wheelnavcore-output/coreOutput_3TOK3KHVJUQAKIPTBLMOBODNAHVO7F/output_209.xls
/home/mahbub/Documents/workspace/distancedetermination/test_coredir/working_dir/wheelnavcore-output/coreOutput_351SEKWQS1P21O5RPIAXJCYE1SJDMI/output_212.xls
/home/mahbub/Documents/workspace/distancedetermination/test_coredir/working_dir/wheelnavcore-output/coreOutput_3HVVDCPGTF09CUQ2UBYNIB37DOLYTC/output_213.xls
/home/mahbub/Documents/workspace/distancedetermination/test_coredir/working_dir/wheelnavcore-output/coreOutput_33CKWXB73KSBD43QG374YI92EKM119/output_214.xls
/home/mahbub/Documents/workspace/distancedetermination/test_coredir/working_dir/wheelnavcore-output/coreOutput_3WOKGM4L72OW27P9QM1FW93023Q0OS/output_215.xls
/home/mahbub/Documents/workspace/distancedetermination/test_coredir/working_dir/wheelnavcore-output/coreOutput_3PXX5PX6LY68KQYIEJTMFVFE4QJBAQ/output_218.xls
/home/mahbub/Documents/workspace/distancedetermination/test_coredir/working_dir/wheelnavcore-output/coreOutput_3EWIJTFFVPFAQGCKW8YJRX9MY4G0EQ/output_225.xls
/home/mahbub/Documents/workspace/distancedetermination/test_coredir/working_dir/wheelnavcore-output/coreOutput_3YDTZAI2WYOS53093LQ6WGG5Q94144/output_235.xls
/home/mahbub/Documents/workspace/distancedetermination/test_coredir/working_dir/wheelnavcore-output/coreOutput_3DEL4X4EL7TGTBZMZLZK7EODQPHXYC/output_242.xls
/home/mahbub/Documents/workspace/distancedetermination/test_coredir/working_dir/wheelnavcore-output/coreOutput_3TPZPLC3M1KA4Z07O9WDN76XFPE3PP/output_244.xls
/home/mahbub/Documents/workspace/distancedetermination/test_coredir/working_dir/wheelnavcore-output/coreOutput_3R08VXYT7D3IPRYV27DYSIQ9DO37WT/output_256.xls
/home/mahbub/Documents/workspace/distancedetermination/test_coredir/working_dir/wheelnavcore-output/coreOutput_3XCC1ODXDMJNNDMOZCCY5AZNQZFRQ7/output_255.xls
/home/mahbub/Documents/workspace/distancedetermination/test_coredir/working_dir/wheelnavcore-output/coreOutput_340UGXU9DZ978DAMP51DG8LFEQYVU9/output_230.xls
/home/mahbub/Documents/workspace/distancedetermination/test_coredir/working_dir/wheelnavcore-output/coreOutput_3U5JL4WY5LH0V4L2AEBDRPK6VOK4X0/output_243.xls
/home/mahbub/Documents/workspace/distancedetermination/test_coredir/working_dir/wheelnavcore-output/coreOutput_34X6J5FLPU66PP3BR73P3JDWGIZQJS/output_171.xls
/home/mahbub/Documents/workspace/distancedetermination/test_coredir/working_dir/wheelnavcore-output/coreOutput_33SA9F9TRY23Y6D5PFR4YSIQZBMEW1/output_172.xls
/home/mahbub/Documents/workspace/distancedetermination/test_coredir/working_dir/wheelnavcore-output/coreOutput_3A1PQ49WVIPMHFO4ISAPQ5P9VE41H4/output_182.xls
/home/mahbub/Documents/workspace/distancedetermination/test_coredir/working_dir/wheelnavcore-output/coreOutput_3PMBY0YE28BDPCGJ0DBHUKACGYNC9F/output_188.xls
/home/mahbub/Documents/workspace/distancedetermination/test_coredir/working_dir/wheelnavcore-output/coreOutput_3KKG4CDWKJ6AU8347Y5ZBMYOOL649U/output_189.xls
/home/mahbub/Documents/workspace/distancedetermination/test_coredir/working_dir/wheelnavcore-output/coreOutput_3WJ1OXY92BOPIS0BB79COTPDWPLA8N/output_191.xls
/home/mahbub/Documents/workspace/distancedetermination/test_coredir/working_dir/wheelnavcore-output/coreOutput_35GCEFQ6I6W4I32DBIUFE58BPOZZ3K/output_192.xls
/home/mahbub/Documents/workspace/distancedetermination/test_coredir/working_dir/wheelnavcore-output/coreOutput_3RANCT1ZVGPSZZCGKOADFWR8BYXUBH/output_193.xls
/home/mahbub/Documents/workspace/distancedetermination/test_coredir/working_dir/wheelnavcore-output/coreOutput_358UUM7WR0BDHVH93D3S5JISL90R7M/output_195.xls
/home/mahbub/Documents/workspace/distancedetermination/test_coredir/working_dir/wheelnavcore-output/coreOutput_30JNVC0ORASAYJ8L3704R6XH3QVQHN/output_222.xls
/home/mahbub/Documents/workspace/distancedetermination/test_coredir/working_dir/wheelnavcore-output/coreOutput_39K0FND3AIN43H2F58JVTBQ8GU9MAM/output_224.xls
/home/mahbub/Documents/workspace/distancedetermination/test_coredir/working_dir/wheelnavcore-output/coreOutput_3AWETUDC930J86KWWL12IBA086WIZ3/output_226.xls
/home/mahbub/Documents/workspace/distancedetermination/test_coredir/working_dir/wheelnavcore-output/coreOutput_3S4AW7T80CQ5VA4DWV8PGVPJOFN4LR/output_227.xls
/home/mahbub/Documents/workspace/distancedetermination/test_coredir/working_dir/wheelnavcore-output/coreOutput_3YGXWBAF71PCS6A7JIFQDCZWU6AC4K/output_229.xls
/home/mahbub/Documents/workspace/distancedetermination/test_coredir/working_dir/wheelnavcore-output/coreOutput_3HWRJOOET6AARPWW5AH313F5TYOESK/output_238.xls
/home/mahbub/Documents/workspace/distancedetermination/test_coredir/working_dir/wheelnavcore-output/coreOutput_39LOEL67OTDPY71Q2SU21LB7QFT38K/output_247.xls
/home/mahbub/Documents/workspace/distancedetermination/test_coredir/working_dir/wheelnavcore-output/coreOutput_388U7OUMF89ZZKHPIEIJQ485DVX0RY/output_196.xls
/home/mahbub/Documents/workspace/distancedetermination/test_coredir/working_dir/wheelnavcore-output/coreOutput_3CCZ6YKWR8RSQR74L3O9GE42OH2955/output_198.xls
/home/mahbub/Documents/workspace/distancedetermination/test_coredir/working_dir/wheelnavcore-output/coreOutput_3OS4RQUCRAN3GHFQPZFETWQ51BIFB3/output_201.xls
/home/mahbub/Documents/workspace/distancedetermination/test_coredir/working_dir/wheelnavcore-output/coreOutput_3SNLUL3WO5V4C8YSB1Z7TZNDNSALUU/output_203.xls
/home/mahbub/Documents/workspace/distancedetermination/test_coredir/working_dir/wheelnavcore-output/coreOutput_3W8CV64QJ3746KRZM5PI5B7STQSH9T/output_254.xls
/home/mahbub/Documents/workspace/distancedetermination/test_coredir/working_dir/wheelnavcore-output/coreOutput_36AHBNMV1SK2V5U58LY8D7LLA7JDY4/output_259.xls
/home/mahbub/Documents/workspace/distancedetermination/test_coredir/working_dir/wheelnavcore-output/coreOutput_32XVDSJFP05FYE7BSTQGNT7A46H2MV/output_260.xls
/home/mahbub/Documents/workspace/distancedetermination/test_coredir/working_dir/wheelnavcore-output/coreOutput_3V0Z7YWSIZ8YO11K6LR7APQNVZS2VB/output_228.xls
/home/mahbub/Documents/workspace/distancedetermination/test_coredir/working_dir/wheelnavcore-output/coreOutput_3YZ8UPK3VUUB944MYO68QGXQTJWCU5/output_233.xls
/home/mahbub/Documents/workspace/distancedetermination/test_coredir/working_dir/wheelnavcore-output/coreOutput_308XBLVESJC0J7KZGUF8AL4O4ZTRBA/output_249.xls
/home/mahbub/Documents/workspace/distancedetermination/test_coredir/working_dir/wheelnavcore-output/coreOutput_3R0T90IZ1TKS4M3REJHRM1WZKBICG6/output_219.xls
/home/mahbub/Documents/workspace/distancedetermination/test_coredir/working_dir/wheelnavcore-output/coreOutput_3180JW2OT5KHW3KD7FFM58I5KMC5JU/output_221.xls
/home/mahbub/Documents/workspace/distancedetermination/test_coredir/working_dir/wheelnavcore-output/coreOutput_32UTUBMZ7H4SCE1GPEKIBITRP58VB9/output_175.xls
/home/mahbub/Documents/workspace/distancedetermination/test_coredir/working_dir/wheelnavcore-output/coreOutput_3C6FJU71TR1OC75RUGOXN7P9W7IUYZ/output_175.xls
/home/mahbub/Documents/workspace/distancedetermination/test_coredir/working_dir/wheelnavcore-output/coreOutput_31Z0PCVWULNQXAU1728N5YJA9U3T77/output_182.xls
/home/mahbub/Documents/workspace/distancedetermination/test_coredir/working_dir/wheelnavcore-output/coreOutput_3MTMREQS4WQ08TWT9API29SZEWOWAO/output_190.xls
/home/mahbub/Documents/workspace/distancedetermination/test_coredir/working_dir/wheelnavcore-output/coreOutput_3JC6VJ2SACR6VAH9D929C9FMUZLA5M/output_190.xls
/home/mahbub/Documents/workspace/distancedetermination/test_coredir/working_dir/wheelnavcore-output/coreOutput_3OHYZ19UGDDS3KNRIOY8LFFDBUPOA4/output_192.xls
/home/mahbub/Documents/workspace/distancedetermination/test_coredir/working_dir/wheelnavcore-output/coreOutput_39GAF6DQWS8RZGJONHRT56GI3TJ1VY/output_194.xls
/home/mahbub/Documents/workspace/distancedetermination/test_coredir/working_dir/wheelnavcore-output/coreOutput_3CFJTT4SXUY0OWEQDQ9JRRH1YDN7I4/output_194.xls
/home/mahbub/Documents/workspace/distancedetermination/test_coredir/working_dir/wheelnavcore-output/coreOutput_3YZ8UPK3VUUB944MYO68QGXQTJYUCP/output_223.xls
/home/mahbub/Documents/workspace/distancedetermination/test_coredir/working_dir/wheelnavcore-output/coreOutput_3IUZPWIU1PF6K65FL127WNVVJ8JKWS/output_226.xls
/home/mahbub/Documents/workspace/distancedetermination/test_coredir/working_dir/wheelnavcore-output/coreOutput_3A4TN5196LQ64IY2YPZ97180ZBZCH9/output_227.xls
/home/mahbub/Documents/workspace/distancedetermination/test_coredir/working_dir/wheelnavcore-output/coreOutput_3MMN5BL1W0C4JW3UWT4L63C2AKJM3S/output_231.xls
/home/mahbub/Documents/workspace/distancedetermination/test_coredir/working_dir/wheelnavcore-output/coreOutput_3LEP4MGT3H86IX1UYTKO5WNKPY5DBT/output_231.xls
/home/mahbub/Documents/workspace/distancedetermination/test_coredir/working_dir/wheelnavcore-output/coreOutput_3M0NZ3JDP267WIPHP1I8T26V3KSZ5C/output_232.xls
/home/mahbub/Documents/workspace/distancedetermination/test_coredir/working_dir/wheelnavcore-output/coreOutput_3IHR8NYAM89VMVJBON1WXCY3TPQP4C/output_234.xls
/home/mahbub/Documents/workspace/distancedetermination/test_coredir/working_dir/wheelnavcore-output/coreOutput_39ZSFO5CA94YHIAS8GNUDKALJ39JUU/output_234.xls
/home/mahbub/Documents/workspace/distancedetermination/test_coredir/working_dir/wheelnavcore-output/coreOutput_3F6KKYWMNC98J6QR1JPXWRNE6NJDNI/output_236.xls
/home/mahbub/Documents/workspace/distancedetermination/test_coredir/working_dir/wheelnavcore-output/coreOutput_308XBLVESJC0J7KZGUF8AL4O4ZURBB/output_237.xls
/home/mahbub/Documents/workspace/distancedetermination/test_coredir/working_dir/wheelnavcore-output/coreOutput_3YW4XOSQKRTRM1UOIRHO9KEZPM91U8/output_237.xls
/home/mahbub/Documents/workspace/distancedetermination/test_coredir/working_dir/wheelnavcore-output/coreOutput_3Z2R0DQ0JIMHMQFYBV2XAL21V4R2E7/output_239.xls
/home/mahbub/Documents/workspace/distancedetermination/test_coredir/working_dir/wheelnavcore-output/coreOutput_3BWI6RSP7HHO8RC4H7JS6CJ96KF7EU/output_240.xls
/home/mahbub/Documents/workspace/distancedetermination/test_coredir/working_dir/wheelnavcore-output/coreOutput_3GNA64GUZFCYIQOQ25ZV29URYH75QO/output_245.xls
/home/mahbub/Documents/workspace/distancedetermination/test_coredir/working_dir/wheelnavcore-output/coreOutput_37U1UTWH9WUHH9MSDIVYJJENWTB8RV/output_246.xls
/home/mahbub/Documents/workspace/distancedetermination/test_coredir/working_dir/wheelnavcore-output/coreOutput_3R9WASFE20OZYFI6VDVHFEX8SE8ZFX/output_246.xls
/home/mahbub/Documents/workspace/distancedetermination/test_coredir/working_dir/wheelnavcore-output/coreOutput_3K9FOBBF2IRRHIEJE0NLF4VJFWMLN7/output_196.xls
/home/mahbub/Documents/workspace/distancedetermination/test_coredir/working_dir/wheelnavcore-output/coreOutput_3QRYMNZ7FZPF0VMON9PC1V50996NTA/output_199.xls
/home/mahbub/Documents/workspace/distancedetermination/test_coredir/working_dir/wheelnavcore-output/coreOutput_3ERET4BTVNHV8AS7SQSFI3NKL719KU/output_199.xls
/home/mahbub/Documents/workspace/distancedetermination/test_coredir/working_dir/wheelnavcore-output/coreOutput_3ATTHHXXWBWU3BKHV3DHLQUP060XIN/output_200.xls
/home/mahbub/Documents/workspace/distancedetermination/test_coredir/working_dir/wheelnavcore-output/coreOutput_3CFVK00FWMTJAX8RFJ14DT9XK6Y6LJ/output_200.xls
/home/mahbub/Documents/workspace/distancedetermination/test_coredir/working_dir/wheelnavcore-output/coreOutput_37M28K1J0RLE29WU2B63DJYRC0GJAH/output_202.xls
/home/mahbub/Documents/workspace/distancedetermination/test_coredir/working_dir/wheelnavcore-output/coreOutput_32EYX73OY1HFF6T5GLW3FBWCTK1URV/output_205.xls
/home/mahbub/Documents/workspace/distancedetermination/test_coredir/working_dir/wheelnavcore-output/coreOutput_37Z929RLGAGCG8ETV56Y0PF6W8DTSR/output_253.xls
/home/mahbub/Documents/workspace/distancedetermination/test_coredir/working_dir/wheelnavcore-output/coreOutput_3KAKFY4PGVAINDD3BE6TEA5LTB1I3A/output_253.xls
/home/mahbub/Documents/workspace/distancedetermination/test_coredir/working_dir/wheelnavcore-output/coreOutput_3EO896NRAX3JH5V38BXK8OOJ0P1TJC/output_252.xls
/home/mahbub/Documents/workspace/distancedetermination/test_coredir/working_dir/wheelnavcore-output/coreOutput_3HUTX6F6VVV3YHSN595TFXWFZ602OE/output_252.xls
/home/mahbub/Documents/workspace/distancedetermination/test_coredir/working_dir/wheelnavcore-output/coreOutput_3X73LLYYQ2MPVMVTNF8NNC2CYFEHNX/output_252.xls
/home/mahbub/Documents/workspace/distancedetermination/test_coredir/working_dir/wheelnavcore-output/coreOutput_3VSOLARPKCHPCCK07K0G1H6IALD93H/output_254.xls
/home/mahbub/Documents/workspace/distancedetermination/test_coredir/working_dir/wheelnavcore-output/coreOutput_3M0NZ3JDP267WIPHP1I8T26V3KS5ZI/output_257.xls
/home/mahbub/Documents/workspace/distancedetermination/test_coredir/working_dir/wheelnavcore-output/coreOutput_3AMW0RGHOEAH83TH6SGSWL43K6LNP5/output_258.xls
/home/mahbub/Documents/workspace/distancedetermination/test_coredir/working_dir/wheelnavcore-output/coreOutput_33SA9F9TRY23Y6D5PFR4YSIQZBPWEM/output_258.xls
/home/mahbub/Documents/workspace/distancedetermination/test_coredir/working_dir/wheelnavcore-output/coreOutput_3LS2AMNW5GYKQ0U87KVUBFUIFCCQOE/output_259.xls
/home/mahbub/Documents/workspace/distancedetermination/test_coredir/working_dir/wheelnavcore-output/coreOutput_31LM9EDVOM0LMSQJBFB8ZPIRB7GJN2/output_260.xls
/home/mahbub/Documents/workspace/distancedetermination/test_coredir/working_dir/wheelnavcore-output/coreOutput_36H9ULYP6329Y0D2DRSVRK9I9GUFJR/output_170.xls
/home/mahbub/Documents/workspace/distancedetermination/test_coredir/working_dir/wheelnavcore-output/coreOutput_3ZY8KE4ISKBFGK358WH867OQB59VQL/output_241.xls
/home/mahbub/Documents/workspace/distancedetermination/test_coredir/working_dir/wheelnavcore-output/coreOutput_3HQUKB7LNGMXLQ9IKHDAIS5GC33HHM/output_248.xls
/home/mahbub/Documents/workspace/distancedetermination/test_coredir/working_dir/wheelnavcore-output/coreOutput_3R2UR8A0IBO4ZXVKTYQM5NQBCFZOX9/output_207.xls
/home/mahbub/Documents/workspace/distancedetermination/test_coredir/working_dir/wheelnavcore-output/coreOutput_35GCEFQ6I6W4I32DBIUFE58BPO23ZR/output_207.xls
/home/mahbub/Documents/workspace/distancedetermination/test_coredir/working_dir/wheelnavcore-output/coreOutput_3TS1AR6UQRMGE5C0CI3YOU49ILT7FB/output_208.xls
/home/mahbub/Documents/workspace/distancedetermination/test_coredir/working_dir/wheelnavcore-output/coreOutput_3483FV8BEFRD9BMJ5DJZYXAOE6562S/output_220.xls
/home/mahbub/Documents/workspace/distancedetermination/test_coredir/working_dir/wheelnavcore-output/coreOutput_3HUTX6F6VVV3YHSN595TFXWFZ6Y2OC/output_221.xls
/home/mahbub/Documents/workspace/distancedetermination/test_coredir/working_dir/wheelnavcore-output/coreOutput_3LPW2N6LKUAQAJV7JEJ0CARG12F5UV/output_221.xls
/home/mahbub/Documents/workspace/distancedetermination/test_coredir/working_dir/wheelnavcore-output/coreOutput_3VELCLL3GLR23JXYN2MPNKDWFZXF1Q/output_171.xls
/home/mahbub/Documents/workspace/distancedetermination/test_coredir/working_dir/wheelnavcore-output/coreOutput_3TR2532VIQ2DF7KRCYPRXEW5GHU6JI/output_188.xls
/home/mahbub/Documents/workspace/distancedetermination/test_coredir/working_dir/wheelnavcore-output/coreOutput_3EJJQNKU9SDAAKNLGMP4WW7MZC4HRM/output_247.xls
/home/mahbub/Documents/workspace/distancedetermination/test_coredir/working_dir/wheelnavcore-output/coreOutput_3EF8EXOTT23I8LJU6SDA2I5O86E1JF/output_198.xls
/home/mahbub/Documents/workspace/distancedetermination/test_coredir/working_dir/wheelnavcore-output/coreOutput_3S06PH7KSSC55ZJ2WWRZZKAB3MH1D1/output_202.xls
/home/mahbub/Documents/workspace/distancedetermination/test_coredir/working_dir/wheelnavcore-output/coreOutput_3L2IS5HSFBQU081DNEFM6RR2SNGUNB/output_259.xls
/home/mahbub/Documents/workspace/distancedetermination/test_coredir/working_dir/wheelnavcore-output/coreOutput_3MYYFCXHJ4FP9IQCL4B933KBSY74GR/output_220.xls
/home/mahbub/Documents/workspace/distancedetermination/test_coredir/working_dir/wheelnavcore-output/coreOutput_3S96KQ6I9NC6EJVBYFB95QT6V59TD3/output_196.xls
/home/mahbub/Documents/workspace/distancedetermination/test_coredir/working_dir/wheelnavcore-output/coreOutput_3WMOAN2SRC5UDNQDS4PR2DTL6U6NVA/output_270.xls
/home/mahbub/Documents/workspace/distancedetermination/test_coredir/working_dir/wheelnavcore-output/coreOutput_3Y5140Z9DYOPU2IQ9C30RD8MY7APIA/output_272.xls
/home/mahbub/Documents/workspace/distancedetermination/test_coredir/working_dir/wheelnavcore-output/coreOutput_3LRLIPTPERH9DT2CKW6FEYY4RP1AKS/output_275.xls
/home/mahbub/Documents/workspace/distancedetermination/test_coredir/working_dir/wheelnavcore-output/coreOutput_3QXNC7EIPJ3TVKL3OXIXZJ8B79Q90J/output_261.xls
/home/mahbub/Documents/workspace/distancedetermination/test_coredir/working_dir/wheelnavcore-output/coreOutput_358010RM5F1ZPH4HUAC00FKJ88UVXG/output_262.xls
/home/mahbub/Documents/workspace/distancedetermination/test_coredir/working_dir/wheelnavcore-output/coreOutput_3FIJLY1B6VC5KBG084XFOGVUIFWFPN/output_263.xls
/home/mahbub/Documents/workspace/distancedetermination/test_coredir/working_dir/wheelnavcore-output/coreOutput_32Q90QCQ1TTC36JO0181AHOVC4CKEA/output_266.xls
/home/mahbub/Documents/workspace/distancedetermination/test_coredir/working_dir/wheelnavcore-output/coreOutput_386CSBG1O0UU1UO47O90UF8RUCFQ6M/output_267.xls
/home/mahbub/Documents/workspace/distancedetermination/test_coredir/working_dir/wheelnavcore-output/coreOutput_3RYC5T2D7412N1L9ZZX9559DL38RPV/output_269.xls
/home/mahbub/Documents/workspace/distancedetermination/test_coredir/working_dir/wheelnavcore-output/coreOutput_3E1QT0TDFQH4OAJ9NV1P5RDW9XOI8X/output_271.xls
/home/mahbub/Documents/workspace/distancedetermination/test_coredir/working_dir/wheelnavcore-output/coreOutput_3B3WTRP3DCA0RUOH3KMBI71Q47B29X/output_273.xls
/home/mahbub/Documents/workspace/distancedetermination/test_coredir/working_dir/wheelnavcore-output/coreOutput_304SM51WA4CCKMKCVJFD0V9KQ1CSBZ/output_274.xls
/home/mahbub/Documents/workspace/distancedetermination/test_coredir/working_dir/wheelnavcore-output/coreOutput_39GAF6DQWS8RZGJONHRT56GI3TH1VW/output_263.xls
/home/mahbub/Documents/workspace/distancedetermination/test_coredir/working_dir/wheelnavcore-output/coreOutput_3Z7ISHFUH13QJ08JNZPB5MGM5AU8ZO/output_264.xls
/home/mahbub/Documents/workspace/distancedetermination/test_coredir/working_dir/wheelnavcore-output/coreOutput_3IAEQB9FMFSY60Z5TKGKSA05ZZNDW9/output_265.xls
/home/mahbub/Documents/workspace/distancedetermination/test_coredir/working_dir/wheelnavcore-output/coreOutput_3PPTZCWALRSWP48F9T6BRD1MZGEZQO/output_267.xls
/home/mahbub/Documents/workspace/distancedetermination/test_coredir/working_dir/wheelnavcore-output/coreOutput_3R0T90IZ1TKS4M3REJHRM1WZKBNCGB/output_269.xls
/home/mahbub/Documents/workspace/distancedetermination/test_coredir/working_dir/wheelnavcore-output/coreOutput_3J2UYBXQQMK6D1J5QQFLF9H9H8K061/output_268.xls
/home/mahbub/Documents/workspace/distancedetermination/test_coredir/working_dir/wheelnavcore-output/coreOutput_3ATPCQ38J9I4XYRTOB76N6DFP4PYAQ/output_268.xls
/home/mahbub/Documents/workspace/distancedetermination/test_coredir/working_dir/wheelnavcore-output/coreOutput_3QL2OFSM97QYEEKD1NUMCL5WLNACNK/output_266.xls
/home/mahbub/Documents/workspace/distancedetermination/test_coredir/working_dir/wheelnavcore-output/coreOutput_3YHH42UU5CNOWMMCDULN4SZ673C0LC/output_274.xls